
Memory Configuration

Name             Origin             Length             Attributes
*default*        0x0000000000000000 0xffffffffffffffff

Linker script and memory map

                0x0000000000000000                . = 0x0

.text           0x0000000000000000     0x1000
                0x0000000000000000                _text = .
 *(.text)
 .text          0x0000000000000000       0x10 init.o
                0x0000000000000000                _start
 .text          0x0000000000000010      0x22c bubblesort.o
                0x0000000000000010                swap
                0x000000000000005c                bubbleSort
                0x0000000000000138                main
                0x0000000000001000                . = 0x1000
 *fill*         0x000000000000023c      0xdc4 
 *(.strings)
                0x0000000000001000                _etext = .

.rodata         0x0000000000001000       0x30
 .rodata        0x0000000000001000       0x30 bubblesort.o

.rela.dyn       0x0000000000001030        0x0
 .rela.text     0x0000000000001030        0x0 init.o

.data           0x0000000000001030        0x0
 *(.data)
 .data          0x0000000000001030        0x0 init.o
 .data          0x0000000000001030        0x0 bubblesort.o

.sdata          0x0000000000001030        0x4
 .sdata         0x0000000000001030        0x4 bubblesort.o
                0x0000000000001030                gDebugLedsMemoryMappedRegister

.bss            0x0000000000001034        0x0
 *(.bss)
 .bss           0x0000000000001034        0x0 init.o
 .bss           0x0000000000001034        0x0 bubblesort.o
LOAD init.o
LOAD bubblesort.o
LOAD /data/f-of-e-tools/tools/sunflower/tools/tools-lib/riscv/libc.a
LOAD /data/f-of-e-tools/tools/sunflower/tools/tools-lib/riscv/libm.a
LOAD /data/f-of-e-tools/tools/sunflower/tools/tools-lib/riscv/libgcc.a
OUTPUT(bubblesort elf32-littleriscv)

.comment        0x0000000000000000       0x11
 .comment       0x0000000000000000       0x11 bubblesort.o
                                         0x12 (size before relaxing)
